-- This file and its contents are licensed under the Timescale License.
-- Please see the included NOTICE for copyright information and
-- LICENSE-TIMESCALE for a copy of the license.
-- qual pushdown tests for decompresschunk ---
-- Test qual pushdown with ints
CREATE TABLE meta (device_id INT PRIMARY KEY);
CREATE TABLE hyper(
    time INT NOT NULL,
    device_id INT REFERENCES meta(device_id) ON DELETE CASCADE ON UPDATE CASCADE,
    val INT);
SELECT * FROM create_hypertable('hyper', 'time', chunk_time_interval => 10);
 hypertable_id | schema_name | table_name | created 
---------------+-------------+------------+---------
             1 | public      | hyper      | t
(1 row)

ALTER TABLE hyper SET (
    timescaledb.compress,
    timescaledb.compress_orderby = 'time',
    timescaledb.compress_segmentby = 'device_id');
INSERT INTO meta VALUES (1), (2), (3), (4), (5);
INSERT INTO hyper VALUES (1, 1, 1), (2, 2, 1), (3, 3, 1), (10, 3, 2), (11, 4, 2), (11, 5, 2);
SELECT ch1.table_name AS "CHUNK_NAME", ch1.schema_name|| '.' || ch1.table_name AS "CHUNK_FULL_NAME"
FROM _timescaledb_catalog.chunk ch1, _timescaledb_catalog.hypertable ht
WHERE ch1.hypertable_id = ht.id AND ht.table_name LIKE 'hyper'
ORDER BY ch1.id LIMIT 1 \gset
SELECT compress_chunk(:'CHUNK_FULL_NAME');
             compress_chunk             
----------------------------------------
 _timescaledb_internal._hyper_1_1_chunk
(1 row)

-- test for qual pushdown 
explain (costs off, verbose)
SELECT
FROM hyper
WHERE time > 2::bigint and time < 4;
                                                         QUERY PLAN                                                          
-----------------------------------------------------------------------------------------------------------------------------
 Custom Scan (DecompressChunk) on _timescaledb_internal._hyper_1_1_chunk
   Filter: ((_hyper_1_1_chunk."time" > '2'::bigint) AND (_hyper_1_1_chunk."time" < 4))
   ->  Seq Scan on _timescaledb_internal.compress_hyper_2_3_chunk
         Output: compress_hyper_2_3_chunk._ts_meta_count, compress_hyper_2_3_chunk."time"
         Filter: ((compress_hyper_2_3_chunk._ts_meta_max_1 > '2'::bigint) AND (compress_hyper_2_3_chunk._ts_meta_min_1 < 4))
(5 rows)

explain (costs off, verbose)
SELECT
FROM hyper
WHERE time = 3::bigint;
                                                               QUERY PLAN                                                                
-----------------------------------------------------------------------------------------------------------------------------------------
 Custom Scan (DecompressChunk) on _timescaledb_internal._hyper_1_1_chunk
   Filter: (_hyper_1_1_chunk."time" = '3'::bigint)
   ->  Seq Scan on _timescaledb_internal.compress_hyper_2_3_chunk
         Output: compress_hyper_2_3_chunk._ts_meta_count, compress_hyper_2_3_chunk."time"
         Filter: ((compress_hyper_2_3_chunk._ts_meta_min_1 <= '3'::bigint) AND (compress_hyper_2_3_chunk._ts_meta_max_1 >= '3'::bigint))
(5 rows)

SELECT *
FROM hyper
WHERE time > 2::bigint and time < 4;
 time | device_id | val 
------+-----------+-----
    3 |         3 |   1
(1 row)

SELECT *
FROM hyper
WHERE time = 3::bigint;
 time | device_id | val 
------+-----------+-----
    3 |         3 |   1
(1 row)

--- github issue 1855
--- TESTs for meta column pushdown filters on exprs with casts.
CREATE TABLE metaseg_tab (
fmid smallint,
factorid smallint,
start_dt timestamp without time zone,
end_dt timestamp without time zone,
interval_number smallint,
logret double precision,
knowledge_date date NOT NULL
);
SELECT create_hypertable('metaseg_tab', 'end_dt', chunk_time_interval=>interval '1 month', create_default_indexes=>false);
NOTICE:  adding not-null constraint to column "end_dt"
    create_hypertable     
--------------------------
 (3,public,metaseg_tab,t)
(1 row)

SELECT add_dimension('metaseg_tab', 'fmid', chunk_time_interval => 1);
NOTICE:  adding not-null constraint to column "fmid"
         add_dimension         
-------------------------------
 (3,public,metaseg_tab,fmid,t)
(1 row)

ALTER TABLE metaseg_tab SET (timescaledb.compress, timescaledb.compress_orderby= 'end_dt');
INSERT INTO metaseg_tab values (56,0,'2012-12-10 09:45:00','2012-12-10 09:50:00',1,0.1,'2012-12-10');
SELECT compress_chunk(i) from show_chunks('metaseg_tab') i;
             compress_chunk             
----------------------------------------
 _timescaledb_internal._hyper_3_4_chunk
(1 row)

select factorid, end_dt, logret
from metaseg_tab 
where fmid = 56
and end_dt between '2012-12-10'::date and '2012-12-11'::date
order by factorid, end_dt;
 factorid |          end_dt          | logret 
----------+--------------------------+--------
        0 | Mon Dec 10 09:50:00 2012 |    0.1
(1 row)

explain (costs off, verbose)
select factorid, end_dt, logret
from metaseg_tab 
where fmid = 56
and end_dt between '2012-12-10'::date and '2012-12-11'::date
order by factorid, end_dt;
                                                                                            QUERY PLAN                                                                                             
---------------------------------------------------------------------------------------------------------------------------------------------------------------------------------------------------
 Sort
   Output: _hyper_3_4_chunk.factorid, _hyper_3_4_chunk.end_dt, _hyper_3_4_chunk.logret
   Sort Key: _hyper_3_4_chunk.factorid, _hyper_3_4_chunk.end_dt
   ->  Custom Scan (DecompressChunk) on _timescaledb_internal._hyper_3_4_chunk
         Output: _hyper_3_4_chunk.factorid, _hyper_3_4_chunk.end_dt, _hyper_3_4_chunk.logret
         Filter: ((_hyper_3_4_chunk.end_dt >= '12-10-2012'::date) AND (_hyper_3_4_chunk.end_dt <= '12-11-2012'::date) AND (_hyper_3_4_chunk.fmid = 56))
         ->  Seq Scan on _timescaledb_internal.compress_hyper_4_5_chunk
               Output: compress_hyper_4_5_chunk._ts_meta_count, compress_hyper_4_5_chunk.fmid, compress_hyper_4_5_chunk.factorid, compress_hyper_4_5_chunk.end_dt, compress_hyper_4_5_chunk.logret
               Filter: ((compress_hyper_4_5_chunk._ts_meta_max_1 >= '12-10-2012'::date) AND (compress_hyper_4_5_chunk._ts_meta_min_1 <= '12-11-2012'::date))
(9 rows)

--no pushdown here
select factorid, end_dt, logret
from metaseg_tab 
where fmid = 56
and end_dt::date between '2012-12-10'::timestamp and '2012-12-11'::date
order by factorid, end_dt;
 factorid |          end_dt          | logret 
----------+--------------------------+--------
        0 | Mon Dec 10 09:50:00 2012 |    0.1
(1 row)

explain (costs off, verbose)
select factorid, end_dt, logret
from metaseg_tab 
where fmid = 56
and end_dt::date between '2012-12-10'::timestamp and '2012-12-11'::date
order by factorid, end_dt;
                                                                                                 QUERY PLAN                                                                                                  
-------------------------------------------------------------------------------------------------------------------------------------------------------------------------------------------------------------
 Sort
   Output: _hyper_3_4_chunk.factorid, _hyper_3_4_chunk.end_dt, _hyper_3_4_chunk.logret
   Sort Key: _hyper_3_4_chunk.factorid, _hyper_3_4_chunk.end_dt
   ->  Custom Scan (DecompressChunk) on _timescaledb_internal._hyper_3_4_chunk
         Output: _hyper_3_4_chunk.factorid, _hyper_3_4_chunk.end_dt, _hyper_3_4_chunk.logret
         Filter: ((_hyper_3_4_chunk.fmid = 56) AND ((_hyper_3_4_chunk.end_dt)::date >= 'Mon Dec 10 00:00:00 2012'::timestamp without time zone) AND ((_hyper_3_4_chunk.end_dt)::date <= '12-11-2012'::date))
         ->  Seq Scan on _timescaledb_internal.compress_hyper_4_5_chunk
               Output: compress_hyper_4_5_chunk._ts_meta_count, compress_hyper_4_5_chunk.fmid, compress_hyper_4_5_chunk.factorid, compress_hyper_4_5_chunk.end_dt, compress_hyper_4_5_chunk.logret
(8 rows)

--should fail
\set ON_ERROR_STOP 0
select factorid, end_dt, logret
from metaseg_tab 
where fmid = 56
and end_dt::date = 10;
ERROR:  operator does not exist: date = integer at character 84
select factorid, end_dt, logret
from metaseg_tab 
where fmid = 56
and end_dt::date = 'dec 2010'::date;
ERROR:  invalid input syntax for type date: "dec 2010" at character 86
-- test casts between different char types are pushed down
CREATE TABLE pushdown_relabel(time timestamptz NOT NULL, dev_vc varchar(10), dev_c char(10));
SELECT table_name FROM create_hypertable('pushdown_relabel', 'time');
    table_name    
------------------
 pushdown_relabel
(1 row)

ALTER TABLE pushdown_relabel SET (timescaledb.compress, timescaledb.compress_segmentby='dev_vc,dev_c');
INSERT INTO pushdown_relabel SELECT '2000-01-01','varchar','char';
SELECT compress_chunk(i) from show_chunks('pushdown_relabel') i;
             compress_chunk             
----------------------------------------
 _timescaledb_internal._hyper_5_6_chunk
(1 row)

EXPLAIN (costs off) SELECT * FROM pushdown_relabel WHERE dev_vc = 'varchar';
                     QUERY PLAN                     
----------------------------------------------------
 Custom Scan (DecompressChunk) on _hyper_5_6_chunk
   ->  Seq Scan on compress_hyper_6_7_chunk
         Filter: ((dev_vc)::text = 'varchar'::text)
(3 rows)

EXPLAIN (costs off) SELECT * FROM pushdown_relabel WHERE dev_c = 'char';
                    QUERY PLAN                     
---------------------------------------------------
 Custom Scan (DecompressChunk) on _hyper_5_6_chunk
   ->  Seq Scan on compress_hyper_6_7_chunk
         Filter: (dev_c = 'char'::bpchar)
(3 rows)

EXPLAIN (costs off) SELECT * FROM pushdown_relabel WHERE dev_vc = 'varchar' AND dev_c = 'char';
                                    QUERY PLAN                                     
-----------------------------------------------------------------------------------
 Custom Scan (DecompressChunk) on _hyper_5_6_chunk
   ->  Seq Scan on compress_hyper_6_7_chunk
         Filter: (((dev_vc)::text = 'varchar'::text) AND (dev_c = 'char'::bpchar))
(3 rows)

EXPLAIN (costs off) SELECT * FROM pushdown_relabel WHERE dev_vc = 'varchar'::char(10) AND dev_c = 'char'::varchar;
                                           QUERY PLAN                                            
-------------------------------------------------------------------------------------------------
 Custom Scan (DecompressChunk) on _hyper_5_6_chunk
   ->  Seq Scan on compress_hyper_6_7_chunk
         Filter: (((dev_vc)::bpchar = 'varchar   '::character(10)) AND (dev_c = 'char'::bpchar))
(3 rows)

-- test again with index scans
SET enable_seqscan TO false;
EXPLAIN (costs off) SELECT * FROM pushdown_relabel WHERE dev_vc = 'varchar';
                                                     QUERY PLAN                                                     
--------------------------------------------------------------------------------------------------------------------
 Custom Scan (DecompressChunk) on _hyper_5_6_chunk
   ->  Index Scan using compress_hyper_6_7_chunk__compressed_hypertable_6_dev_vc__ts_me on compress_hyper_6_7_chunk
         Index Cond: ((dev_vc)::text = 'varchar'::text)
(3 rows)

EXPLAIN (costs off) SELECT * FROM pushdown_relabel WHERE dev_c = 'char';
                                                     QUERY PLAN                                                     
--------------------------------------------------------------------------------------------------------------------
 Custom Scan (DecompressChunk) on _hyper_5_6_chunk
   ->  Index Scan using compress_hyper_6_7_chunk__compressed_hypertable_6_dev_c__ts_met on compress_hyper_6_7_chunk
         Index Cond: (dev_c = 'char'::bpchar)
(3 rows)

EXPLAIN (costs off) SELECT * FROM pushdown_relabel WHERE dev_vc = 'varchar' AND dev_c = 'char';
                                                     QUERY PLAN                                                     
--------------------------------------------------------------------------------------------------------------------
 Custom Scan (DecompressChunk) on _hyper_5_6_chunk
   ->  Index Scan using compress_hyper_6_7_chunk__compressed_hypertable_6_dev_c__ts_met on compress_hyper_6_7_chunk
         Index Cond: (dev_c = 'char'::bpchar)
         Filter: ((dev_vc)::text = 'varchar'::text)
(4 rows)

EXPLAIN (costs off) SELECT * FROM pushdown_relabel WHERE dev_vc = 'varchar'::char(10) AND dev_c = 'char'::varchar;
                                                     QUERY PLAN                                                     
--------------------------------------------------------------------------------------------------------------------
 Custom Scan (DecompressChunk) on _hyper_5_6_chunk
   ->  Index Scan using compress_hyper_6_7_chunk__compressed_hypertable_6_dev_c__ts_met on compress_hyper_6_7_chunk
         Index Cond: (dev_c = 'char'::bpchar)
         Filter: ((dev_vc)::bpchar = 'varchar   '::character(10))
(4 rows)

