-- This file and its contents are licensed under the Timescale License.
-- Please see the included NOTICE for copyright information and
-- LICENSE-TIMESCALE for a copy of the license.
-- We compare information(\d+) about manually created tables with the ones that were recreated using deparse_table command.
-- There should be no diff.
\set ECHO errors
        ?column?         
-------------------------
 TABLE DEPARSE TEST DONE
(1 row)

-- test drop_chunks function deparsing
SELECT * FROM tsl_test_deparse_drop_chunks('2019-01-01'::timestamptz, 'Test_table', 'test_schema', verbose => true);
                                                                                                      tsl_test_deparse_drop_chunks                                                                                                      
----------------------------------------------------------------------------------------------------------------------------------------------------------------------------------------------------------------------------------------
 SELECT * FROM public.drop_chunks(older_than => 'Tue Jan 01 00:00:00 2019 PST'::timestamp with time zone,table_name => 'Test_table',schema_name => 'test_schema',newer_than => NULL,verbose => 't',cascade_to_materializations => NULL)
(1 row)

SELECT * FROM tsl_test_deparse_drop_chunks(interval '1 day', table_name => 'weird nAme\\#^.', cascade_to_materializations => true);
                                                                                  tsl_test_deparse_drop_chunks                                                                                   
-------------------------------------------------------------------------------------------------------------------------------------------------------------------------------------------------
 SELECT * FROM public.drop_chunks(older_than => '@ 1 day'::interval,table_name => E'weird nAme\\\\#^.',schema_name => NULL,newer_than => NULL,verbose => 'f',cascade_to_materializations => 't')
(1 row)

SELECT * FROM tsl_test_deparse_drop_chunks(newer_than => 12345);
                                                                         tsl_test_deparse_drop_chunks                                                                          
-------------------------------------------------------------------------------------------------------------------------------------------------------------------------------
 SELECT * FROM public.drop_chunks(older_than => NULL,table_name => NULL,schema_name => NULL,newer_than => '12345'::integer,verbose => 'f',cascade_to_materializations => NULL)
(1 row)

SELECT * FROM tsl_test_deparse_drop_chunks(older_than => interval '2 years', newer_than => '2015-01-01'::timestamp);
                                                                                                     tsl_test_deparse_drop_chunks                                                                                                      
---------------------------------------------------------------------------------------------------------------------------------------------------------------------------------------------------------------------------------------
 SELECT * FROM public.drop_chunks(older_than => '@ 2 years'::interval,table_name => NULL,schema_name => NULL,newer_than => 'Thu Jan 01 00:00:00 2015'::timestamp without time zone,verbose => 'f',cascade_to_materializations => NULL)
(1 row)

-- test generalized deparsing function
SELECT * FROM tsl_test_deparse_scalar_func(schema_name => 'Foo', table_name => 'bar', option => false, "time" => timestamp '2019-09-10 11:08', message => 'This is a test message.');
NOTICE:  Deparsed: SELECT * FROM public.tsl_test_deparse_scalar_func(schema_name => 'Foo',table_name => 'bar',time => 'Tue Sep 10 11:08:00 2019 PDT',message => 'This is a test message.',not_set => 't',option => 'f')
 tsl_test_deparse_scalar_func 
------------------------------
 t
(1 row)

SELECT * FROM tsl_test_deparse_named_scalar_func(schema_name => 'Foo', table_name => 'bar', option => false, "time" => timestamp '2019-09-10 11:08', message => 'This is a test message.');
NOTICE:  Deparsed: SELECT option FROM public.tsl_test_deparse_named_scalar_func(schema_name => 'Foo',table_name => 'bar',time => 'Tue Sep 10 11:08:00 2019 PDT',message => 'This is a test message.',not_set => 't',option => 'f')
 option 
--------
 t
(1 row)

SELECT * FROM tsl_test_deparse_composite_func(schema_name => 'Foo', table_name => 'bar', option => false, "time" => timestamp '2019-09-10 11:08', message => 'This is a test message.');
NOTICE:  Deparsed: SELECT success,message FROM public.tsl_test_deparse_composite_func(schema_name => 'Foo',table_name => 'bar',time => 'Tue Sep 10 11:08:00 2019 PDT',message => 'This is a test message.',not_set => NULL,option => 'f')
 success | message 
---------+---------
         | 
(1 row)

