-- This file and its contents are licensed under the Timescale License.
-- Please see the included NOTICE for copyright information and
-- LICENSE-TIMESCALE for a copy of the license.
-- Validate utility functions and policies for INTEGER columns
-- using chunk creation time metadata. This allows to specify
-- INTERVAL boundary for INTEGER type columns.
DROP TABLE IF EXISTS test;
NOTICE:  table "test" does not exist, skipping
CREATE TABLE test(time INTEGER, device INTEGER, temp FLOAT);
SELECT create_hypertable('test', 'time', chunk_time_interval => 10);
NOTICE:  adding not-null constraint to column "time"
 create_hypertable 
-------------------
 (1,public,test,t)
(1 row)

INSERT INTO test SELECT i, i %10, 0.10 FROM generate_series(1, 100, 1) i;
select count(*) from timescaledb_information.chunks where hypertable_name='test';
 count 
-------
    11
(1 row)

-- Validate that show_chunks/drop chunks doesn't work with existing arguments
\set ON_ERROR_STOP 0
SELECT count(*) from show_chunks('test', newer_than => INTERVAL '1 hour');
ERROR:  invalid time argument type "interval"
SELECT count(*) from show_chunks('test', older_than => now());
ERROR:  invalid time argument type "timestamp with time zone"
SELECT count(*) from drop_chunks('test', older_than => now());
ERROR:  invalid time argument type "timestamp with time zone"
\set ON_ERROR_STOP 1
SELECT count(*) from show_chunks('test', created_after => INTERVAL '1 hour');
 count 
-------
    11
(1 row)

SELECT count(*) from show_chunks('test', created_before => now());
 count 
-------
    11
(1 row)

SELECT count(*) from drop_chunks('test', created_before => now());
 count 
-------
    11
(1 row)

select count(*) from timescaledb_information.chunks where hypertable_name='test';
 count 
-------
     0
(1 row)

INSERT INTO test SELECT i, i %10, 0.10 FROM generate_series(1, 100, 1) i;
select count(*) from timescaledb_information.chunks where hypertable_name='test';
 count 
-------
    11
(1 row)

SELECT count(*) from drop_chunks('test', created_after => INTERVAL '1 hour');
 count 
-------
    11
(1 row)

select count(*) from timescaledb_information.chunks where hypertable_name='test';
 count 
-------
     0
(1 row)

DROP TABLE test;
