Parsed test spec with 3 sessions

starting permutation: T1_select L_enable_chunks_locked T1_drop_chunks T2_insert_1 T2_insert_2 L_release_chunks_locked T1_refresh T1_select
node_name  
-----------
data_node_1
(1 row)

node_name  
-----------
data_node_2
(1 row)

node_name  
-----------
data_node_3
(1 row)

created
-------
t      
(1 row)

step T1_select: SELECT * FROM cond_summary ORDER BY bucket;
bucket                      |avg_temp
----------------------------+--------
Fri Nov 30 16:00:00 2018 PST|       0
Sat Dec 01 16:00:00 2018 PST|       0
Sun Dec 02 16:00:00 2018 PST|       0
(3 rows)

step L_enable_chunks_locked: SELECT debug_waitpoint_enable('drop_chunks_locked');
debug_waitpoint_enable
----------------------
                      
(1 row)

step T1_drop_chunks: SELECT count(*) FROM drop_chunks('conditions', older_than => '2018-12-03 00:00'::timestamptz); <waiting ...>
step T2_insert_1: 
    INSERT INTO conditions
    SELECT generate_series('2018-12-04 12:00'::timestamptz, '2018-12-05 12:00','1 day'), 10;

step T2_insert_2: 
    INSERT INTO conditions
    SELECT generate_series('2018-12-01 12:00'::timestamptz, '2018-12-03 12:00','1 day'), 100;
 <waiting ...>
step L_release_chunks_locked: SELECT debug_waitpoint_release('drop_chunks_locked');
debug_waitpoint_release
-----------------------
                       
(1 row)

step T1_drop_chunks: <... completed>
count
-----
    2
(1 row)

step T2_insert_2: <... completed>
step T1_refresh: CALL refresh_continuous_aggregate('cond_summary', NULL, NULL);
step T1_select: SELECT * FROM cond_summary ORDER BY bucket;
bucket                      |avg_temp
----------------------------+--------
Fri Nov 30 16:00:00 2018 PST|     100
Sat Dec 01 16:00:00 2018 PST|     100
Sun Dec 02 16:00:00 2018 PST|      50
Mon Dec 03 16:00:00 2018 PST|      10
Tue Dec 04 16:00:00 2018 PST|      10
(5 rows)

