Parsed test spec with 8 sessions

starting permutation: LockCompleted LockMat1 Refresh1 Refresh2 UnlockCompleted UnlockMat1
step LockCompleted: BEGIN; LOCK TABLE _timescaledb_catalog.continuous_aggs_completed_threshold IN SHARE MODE;
step LockMat1: BEGIN; select lock_mattable(materialization_hypertable::text) from timescaledb_information.continuous_aggregates where view_name::text like 'continuous_view_1';

lock_mattable  

               
step Refresh1: REFRESH MATERIALIZED VIEW continuous_view_1; <waiting ...>
INFO:  new materialization range for public.ts_continuous_test (time column time) (35)
INFO:  materializing continuous aggregate public.continuous_view_2: new range up to 35
step Refresh2: REFRESH MATERIALIZED VIEW continuous_view_2; <waiting ...>
step UnlockCompleted: ROLLBACK;
step Refresh2: <... completed>
step UnlockMat1: ROLLBACK;
INFO:  new materialization range for public.ts_continuous_test (time column time) (30)
INFO:  materializing continuous aggregate public.continuous_view_1: new range up to 30
step Refresh1: <... completed>

starting permutation: Refresh1 Refresh2 LockCompleted LockMat1 I1 Refresh1 Refresh2 UnlockCompleted UnlockMat1 Refresh1_sel Refresh2_sel
INFO:  new materialization range for public.ts_continuous_test (time column time) (30)
INFO:  materializing continuous aggregate public.continuous_view_1: new range up to 30
step Refresh1: REFRESH MATERIALIZED VIEW continuous_view_1;
INFO:  new materialization range for public.ts_continuous_test (time column time) (35)
INFO:  materializing continuous aggregate public.continuous_view_2: new range up to 35
step Refresh2: REFRESH MATERIALIZED VIEW continuous_view_2;
step LockCompleted: BEGIN; LOCK TABLE _timescaledb_catalog.continuous_aggs_completed_threshold IN SHARE MODE;
step LockMat1: BEGIN; select lock_mattable(materialization_hypertable::text) from timescaledb_information.continuous_aggregates where view_name::text like 'continuous_view_1';

lock_mattable  

               
step I1: INSERT INTO ts_continuous_test SELECT 0, i*10 FROM (SELECT generate_series(0, 10) AS i) AS i;
step Refresh1: REFRESH MATERIALIZED VIEW continuous_view_1; <waiting ...>
INFO:  new materialization range not found for public.ts_continuous_test (time column time): no new data
INFO:  materializing continuous aggregate public.continuous_view_2: no new range to materialize
step Refresh2: REFRESH MATERIALIZED VIEW continuous_view_2; <waiting ...>
step UnlockCompleted: ROLLBACK;
step Refresh2: <... completed>
step UnlockMat1: ROLLBACK;
INFO:  new materialization range not found for public.ts_continuous_test (time column time): no new data
INFO:  materializing continuous aggregate public.continuous_view_1: no new range to materialize
step Refresh1: <... completed>
step Refresh1_sel: select * from continuous_view_1 where bkt = 0 or bkt > 30
bkt            cnt            

0              16             
step Refresh2_sel: select * from continuous_view_2 where bkt = 0 or bkt > 30 order by bkt;
bkt            maxl           

0              100            

starting permutation: AlterLag1 Refresh1 Refresh2 Refresh1_sel Refresh2_sel LockCompleted LockMat1 I2 Refresh1 Refresh2 UnlockCompleted UnlockMat1 Refresh1_sel Refresh2_sel
step AlterLag1: alter view continuous_view_1 set (timescaledb.refresh_lag = 10);
INFO:  new materialization range for public.ts_continuous_test (time column time) (15)
INFO:  materializing continuous aggregate public.continuous_view_1: new range up to 15
step Refresh1: REFRESH MATERIALIZED VIEW continuous_view_1;
INFO:  new materialization range for public.ts_continuous_test (time column time) (35)
INFO:  materializing continuous aggregate public.continuous_view_2: new range up to 35
step Refresh2: REFRESH MATERIALIZED VIEW continuous_view_2;
step Refresh1_sel: select * from continuous_view_1 where bkt = 0 or bkt > 30
bkt            cnt            

0              5              
step Refresh2_sel: select * from continuous_view_2 where bkt = 0 or bkt > 30 order by bkt;
bkt            maxl           

0              4              
step LockCompleted: BEGIN; LOCK TABLE _timescaledb_catalog.continuous_aggs_completed_threshold IN SHARE MODE;
step LockMat1: BEGIN; select lock_mattable(materialization_hypertable::text) from timescaledb_information.continuous_aggregates where view_name::text like 'continuous_view_1';

lock_mattable  

               
step I2: INSERT INTO ts_continuous_test SELECT 40, 1000 ;
step Refresh1: REFRESH MATERIALIZED VIEW continuous_view_1; <waiting ...>
INFO:  new materialization range for public.ts_continuous_test (time column time) (50)
INFO:  materializing continuous aggregate public.continuous_view_2: new range up to 50
step Refresh2: REFRESH MATERIALIZED VIEW continuous_view_2; <waiting ...>
step UnlockCompleted: ROLLBACK;
step Refresh2: <... completed>
step UnlockMat1: ROLLBACK;
INFO:  new materialization range for public.ts_continuous_test (time column time) (30)
INFO:  materializing continuous aggregate public.continuous_view_1: new range up to 30
step Refresh1: <... completed>
step Refresh1_sel: select * from continuous_view_1 where bkt = 0 or bkt > 30
bkt            cnt            

0              5              
step Refresh2_sel: select * from continuous_view_2 where bkt = 0 or bkt > 30 order by bkt;
bkt            maxl           

0              4              
40             1000           
