\o /dev/null
\ir include/insert_two_partitions.sql
\ir create_single_db.sql
SET client_min_messages = WARNING;
DROP DATABASE IF EXISTS single;
SET client_min_messages = NOTICE;
CREATE DATABASE single;
\c single
CREATE EXTENSION IF NOT EXISTS timescaledb CASCADE;
psql:include/create_single_db.sql:7: NOTICE:  installing required extension "postgres_fdw"
\c single
CREATE TABLE PUBLIC."two_Partitions" (
  "timeCustom" BIGINT NOT NULL,
  device_id TEXT NOT NULL,
  series_0 DOUBLE PRECISION NULL,
  series_1 DOUBLE PRECISION NULL,
  series_2 DOUBLE PRECISION NULL,
  series_bool BOOLEAN NULL
);
CREATE INDEX ON PUBLIC."two_Partitions" (device_id, "timeCustom" DESC NULLS LAST) WHERE device_id IS NOT NULL;
CREATE INDEX ON PUBLIC."two_Partitions" ("timeCustom" DESC NULLS LAST, series_0) WHERE series_0 IS NOT NULL;
CREATE INDEX ON PUBLIC."two_Partitions" ("timeCustom" DESC NULLS LAST, series_1)  WHERE series_1 IS NOT NULL;
CREATE INDEX ON PUBLIC."two_Partitions" ("timeCustom" DESC NULLS LAST, series_2) WHERE series_2 IS NOT NULL;
CREATE INDEX ON PUBLIC."two_Partitions" ("timeCustom" DESC NULLS LAST, series_bool) WHERE series_bool IS NOT NULL;
CREATE INDEX ON PUBLIC."two_Partitions" ("timeCustom" DESC NULLS LAST, device_id);
SELECT * FROM create_hypertable('"public"."two_Partitions"'::regclass, 'timeCustom'::name, 'device_id'::name, associated_schema_name=>'_timescaledb_internal'::text, number_partitions => 2);
BEGIN;
\COPY public."two_Partitions" FROM 'data/ds1_dev1_1.tsv' NULL AS '';
COMMIT;
INSERT INTO public."two_Partitions"("timeCustom", device_id, series_0, series_1) VALUES
(1257987600000000000, 'dev1', 1.5, 1),
(1257987600000000000, 'dev1', 1.5, 2),
(1257894000000000000, 'dev2', 1.5, 1),
(1257894002000000000, 'dev1', 2.5, 3);
INSERT INTO "two_Partitions"("timeCustom", device_id, series_0, series_1) VALUES
(1257894000000000000, 'dev2', 1.5, 2);
\o
COPY (SELECT * FROM "two_Partitions" ORDER BY "timeCustom", device_id) TO STDOUT;
1257894000000000000	dev1	1.5	1	2	t
1257894000000000000	dev1	1.5	2	\N	\N
1257894000000000000	dev2	1.5	2	\N	\N
1257894000000000000	dev2	1.5	1	\N	\N
1257894000000001000	dev1	2.5	3	\N	\N
1257894001000000000	dev1	3.5	4	\N	\N
1257894002000000000	dev1	2.5	3	\N	\N
1257894002000000000	dev1	5.5	6	\N	t
1257894002000000000	dev1	5.5	7	\N	f
1257897600000000000	dev1	4.5	5	\N	f
1257987600000000000	dev1	1.5	2	\N	\N
1257987600000000000	dev1	1.5	1	\N	\N
