\ir include/create_single_db.sql
SET client_min_messages = WARNING;
DROP DATABASE IF EXISTS single;
SET client_min_messages = NOTICE;
CREATE DATABASE single;
\c single
CREATE EXTENSION IF NOT EXISTS timescaledb;
SELECT * from _timescaledb_catalog.hypertable;
 id | schema_name | table_name | associated_schema_name | associated_table_prefix | time_column_name | time_column_type | chunk_time_interval 
----+-------------+------------+------------------------+-------------------------+------------------+------------------+---------------------
(0 rows)

SELECT * from _timescaledb_catalog.partition_epoch;
 id | hypertable_id | start_time | end_time | num_partitions | partitioning_func_schema | partitioning_func | partitioning_mod | partitioning_column 
----+---------------+------------+----------+----------------+--------------------------+-------------------+------------------+---------------------
(0 rows)

CREATE TABLE should_drop (time timestamp, temp float8);
SELECT create_hypertable('should_drop', 'time');
 create_hypertable 
-------------------
 
(1 row)

-- Calling create hypertable again will increment hypertable ID
-- although no new hypertable is created. Make sure we can handle this.
SELECT create_hypertable('should_drop', 'time', if_not_exists => true);
NOTICE:  hypertable should_drop already exists, skipping
 create_hypertable 
-------------------
 
(1 row)

SELECT * from _timescaledb_catalog.hypertable;
 id | schema_name | table_name  | associated_schema_name | associated_table_prefix | time_column_name |      time_column_type       | chunk_time_interval 
----+-------------+-------------+------------------------+-------------------------+------------------+-----------------------------+---------------------
  1 | public      | should_drop | _timescaledb_internal  | _hyper_1                | time             | timestamp without time zone |       2592000000000
(1 row)

SELECT * from _timescaledb_catalog.partition_epoch;
 id | hypertable_id | start_time | end_time | num_partitions | partitioning_func_schema | partitioning_func | partitioning_mod | partitioning_column 
----+---------------+------------+----------+----------------+--------------------------+-------------------+------------------+---------------------
  1 |             1 |            |          |              1 |                          |                   |            32768 | 
(1 row)

DROP TABLE should_drop;
CREATE TABLE should_drop (time timestamp, temp float8);
SELECT create_hypertable('should_drop', 'time');
 create_hypertable 
-------------------
 
(1 row)

INSERT INTO should_drop VALUES (now(), 1.0);
SELECT * from _timescaledb_catalog.hypertable;
 id | schema_name | table_name  | associated_schema_name | associated_table_prefix | time_column_name |      time_column_type       | chunk_time_interval 
----+-------------+-------------+------------------------+-------------------------+------------------+-----------------------------+---------------------
  2 | public      | should_drop | _timescaledb_internal  | _hyper_2                | time             | timestamp without time zone |       2592000000000
(1 row)

SELECT * from _timescaledb_catalog.partition_epoch;
 id | hypertable_id | start_time | end_time | num_partitions | partitioning_func_schema | partitioning_func | partitioning_mod | partitioning_column 
----+---------------+------------+----------+----------------+--------------------------+-------------------+------------------+---------------------
  2 |             2 |            |          |              1 |                          |                   |            32768 | 
(1 row)

