SELECT _timescaledb_internal.test_conn();
 test_conn 
-----------
 
(1 row)

