\o /dev/null
\ir include/insert_single.sql
\ir create_single_db.sql
SET client_min_messages = WARNING;
DROP DATABASE IF EXISTS single;
SET client_min_messages = NOTICE;
CREATE DATABASE single;
\c single
CREATE EXTENSION IF NOT EXISTS timescaledb CASCADE;
psql:include/create_single_db.sql:7: NOTICE:  installing required extension "postgres_fdw"
\c single
CREATE TABLE PUBLIC."one_Partition" (
  "timeCustom" BIGINT NOT NULL,
  device_id TEXT NOT NULL,
  series_0 DOUBLE PRECISION NULL,
  series_1 DOUBLE PRECISION NULL,
  series_2 DOUBLE PRECISION NULL,
  series_bool BOOLEAN NULL
);
CREATE INDEX ON PUBLIC."one_Partition" (device_id, "timeCustom" DESC NULLS LAST) WHERE device_id IS NOT NULL;
CREATE INDEX ON PUBLIC."one_Partition" ("timeCustom" DESC NULLS LAST, series_0) WHERE series_0 IS NOT NULL;
CREATE INDEX ON PUBLIC."one_Partition" ("timeCustom" DESC NULLS LAST, series_1)  WHERE series_1 IS NOT NULL;
CREATE INDEX ON PUBLIC."one_Partition" ("timeCustom" DESC NULLS LAST, series_2) WHERE series_2 IS NOT NULL;
CREATE INDEX ON PUBLIC."one_Partition" ("timeCustom" DESC NULLS LAST, series_bool) WHERE series_bool IS NOT NULL;
SELECT * FROM create_hypertable('"public"."one_Partition"', 'timeCustom', associated_schema_name=>'one_Partition' );
--output command tags
\set QUIET off
BEGIN;
\COPY "one_Partition" FROM 'data/ds1_dev1_1.tsv' NULL AS '';
COMMIT;
INSERT INTO "one_Partition"("timeCustom", device_id, series_0, series_1) VALUES
(1257987600000000000, 'dev1', 1.5, 1),
(1257987600000000000, 'dev1', 1.5, 2),
(1257894000000000000, 'dev2', 1.5, 1),
(1257894002000000000, 'dev1', 2.5, 3);
INSERT INTO "one_Partition"("timeCustom", device_id, series_0, series_1) VALUES
(1257894000000000000, 'dev2', 1.5, 2);
\set QUIET on
\o
SELECT * FROM "one_Partition" ORDER BY "timeCustom", device_id;
     timeCustom      | device_id | series_0 | series_1 | series_2 | series_bool 
---------------------+-----------+----------+----------+----------+-------------
 1257894000000000000 | dev1      |      1.5 |        1 |        2 | t
 1257894000000000000 | dev1      |      1.5 |        2 |          | 
 1257894000000000000 | dev2      |      1.5 |        1 |          | 
 1257894000000000000 | dev2      |      1.5 |        2 |          | 
 1257894000000001000 | dev1      |      2.5 |        3 |          | 
 1257894001000000000 | dev1      |      3.5 |        4 |          | 
 1257894002000000000 | dev1      |      2.5 |        3 |          | 
 1257894002000000000 | dev1      |      5.5 |        6 |          | t
 1257894002000000000 | dev1      |      5.5 |        7 |          | f
 1257897600000000000 | dev1      |      4.5 |        5 |          | f
 1257987600000000000 | dev1      |      1.5 |        1 |          | 
 1257987600000000000 | dev1      |      1.5 |        2 |          | 
(12 rows)

UPDATE "one_Partition" SET series_1 = 47;
UPDATE "one_Partition" SET series_bool = true;
SELECT * FROM "one_Partition" ORDER BY "timeCustom", device_id;
     timeCustom      | device_id | series_0 | series_1 | series_2 | series_bool 
---------------------+-----------+----------+----------+----------+-------------
 1257894000000000000 | dev1      |      1.5 |       47 |        2 | t
 1257894000000000000 | dev1      |      1.5 |       47 |          | t
 1257894000000000000 | dev2      |      1.5 |       47 |          | t
 1257894000000000000 | dev2      |      1.5 |       47 |          | t
 1257894000000001000 | dev1      |      2.5 |       47 |          | t
 1257894001000000000 | dev1      |      3.5 |       47 |          | t
 1257894002000000000 | dev1      |      2.5 |       47 |          | t
 1257894002000000000 | dev1      |      5.5 |       47 |          | t
 1257894002000000000 | dev1      |      5.5 |       47 |          | t
 1257897600000000000 | dev1      |      4.5 |       47 |          | t
 1257987600000000000 | dev1      |      1.5 |       47 |          | t
 1257987600000000000 | dev1      |      1.5 |       47 |          | t
(12 rows)

